
RUN: /opt/pyvenv/bin/python scripts/verify_handoff.py IN /mnt/data/handoff_work/native-agent-workspace-handoff
{
  "check": "handoff_coherence",
  "passed": true,
  "errors": [],
  "warnings": [],
  "counts": {
    "json_files": 49,
    "tickets": 72,
    "requirements": 144,
    "acceptance_scenarios": 144,
    "parity_candidates": 143,
    "release_gates": 6,
    "schema_definitions": 56,
    "api_operations": 23,
    "source_records": 20
  },
  "topological_ticket_order": [
    "T001",
    "T002",
    "T003",
    "T004",
    "T005",
    "T006",
    "T007",
    "T008",
    "T009",
    "T010",
    "T011",
    "T012",
    "T013",
    "T014",
    "T015",
    "T016",
    "T017",
    "T018",
    "T019",
    "T020",
    "T021",
    "T022",
    "T023",
    "T024",
    "T025",
    "T026",
    "T027",
    "T028",
    "T029",
    "T030",
    "T031",
    "T032",
    "T033",
    "T034",
    "T035",
    "T036",
    "T037",
    "T038",
    "T039",
    "T040",
    "T041",
    "T042",
    "T043",
    "T044",
    "T045",
    "T046",
    "T047",
    "T048",
    "T049",
    "T050",
    "T051",
    "T052",
    "T053",
    "T054",
    "T055",
    "T056",
    "T057",
    "T058",
    "T059",
    "T060",
    "T061",
    "T062",
    "T063",
    "T064",
    "T065",
    "T066",
    "T067",
    "T069",
    "T070",
    "T068",
    "T071",
    "T072"
  ],
  "limit": "Static handoff consistency, not implemented feature correctness or security certification."
}

RUN: /opt/pyvenv/bin/python scripts/validate_contracts.py IN /mnt/data/handoff_work/native-agent-workspace-handoff
{
  "check": "contract_fixture_validation",
  "schemas_checked": 2,
  "fixtures": 22,
  "passed": 22,
  "failed": 0,
  "results": [
    {
      "path": "contracts/examples/valid/deleted-message.json",
      "expected_valid": true,
      "observed_valid": true,
      "passed": true,
      "validation_errors": []
    },
    {
      "path": "contracts/examples/valid/draft-task.json",
      "expected_valid": true,
      "observed_valid": true,
      "passed": true,
      "validation_errors": []
    },
    {
      "path": "contracts/examples/valid/work-contract.json",
      "expected_valid": true,
      "observed_valid": true,
      "passed": true,
      "validation_errors": []
    },
    {
      "path": "contracts/examples/valid/message.json",
      "expected_valid": true,
      "observed_valid": true,
      "passed": true,
      "validation_errors": []
    },
    {
      "path": "contracts/examples/valid/task.json",
      "expected_valid": true,
      "observed_valid": true,
      "passed": true,
      "validation_errors": []
    },
    {
      "path": "contracts/examples/valid/run.json",
      "expected_valid": true,
      "observed_valid": true,
      "passed": true,
      "validation_errors": []
    },
    {
      "path": "contracts/examples/valid/artifact.json",
      "expected_valid": true,
      "observed_valid": true,
      "passed": true,
      "validation_errors": []
    },
    {
      "path": "contracts/examples/valid/action.json",
      "expected_valid": true,
      "observed_valid": true,
      "passed": true,
      "validation_errors": []
    },
    {
      "path": "contracts/examples/valid/approval.json",
      "expected_valid": true,
      "observed_valid": true,
      "passed": true,
      "validation_errors": []
    },
    {
      "path": "contracts/examples/valid/checkpoint.json",
      "expected_valid": true,
      "observed_valid": true,
      "passed": true,
      "validation_errors": []
    },
    {
      "path": "contracts/examples/valid/create-message.json",
      "expected_valid": true,
      "observed_valid": true,
      "passed": true,
      "validation_errors": []
    },
    {
      "path": "contracts/examples/valid/event.json",
      "expected_valid": true,
      "observed_valid": true,
      "passed": true,
      "validation_errors": []
    },
    {
      "path": "contracts/examples/invalid/agent-approval.json",
      "expected_valid": false,
      "observed_valid": false,
      "passed": true,
      "validation_errors": [
        "'human' was expected"
      ]
    },
    {
      "path": "contracts/examples/invalid/zero-generation.json",
      "expected_valid": false,
      "observed_valid": false,
      "passed": true,
      "validation_errors": [
        "0 is less than the minimum of 1"
      ]
    },
    {
      "path": "contracts/examples/invalid/numeric-large-sequence.json",
      "expected_valid": false,
      "observed_valid": false,
      "passed": true,
      "validation_errors": [
        "9007199254740993 is not of type 'string'"
      ]
    },
    {
      "path": "contracts/examples/invalid/secret-in-checkpoint.json",
      "expected_valid": false,
      "observed_valid": false,
      "passed": true,
      "validation_errors": [
        "Additional properties are not allowed ('raw_secret' was unexpected)"
      ]
    },
    {
      "path": "contracts/examples/invalid/negative-budget.json",
      "expected_valid": false,
      "observed_valid": false,
      "passed": true,
      "validation_errors": [
        "'-1' does not match '^(0|[1-9][0-9]{0,18})$'"
      ]
    },
    {
      "path": "contracts/examples/invalid/unsafe-link.json",
      "expected_valid": false,
      "observed_valid": false,
      "passed": true,
      "validation_errors": [
        "{'format': 'workspace_richtext_v1', 'blocks': [{'type': 'paragraph', 'content': [{'type': 'link', 'text': 'unsafe', 'href': 'javascript:alert(1)'}]}]} is not valid under any of the given schemas",
        "{'type': 'paragraph', 'content': [{'type': 'link', 'text': 'unsafe', 'href': 'javascript:alert(1)'}]} is not valid under any of the given schemas"
      ]
    },
    {
      "path": "contracts/examples/invalid/invalid-timestamp.json",
      "expected_valid": false,
      "observed_valid": false,
      "passed": true,
      "validation_errors": [
        "'tomorrow' is not a 'date-time'"
      ]
    },
    {
      "path": "contracts/examples/invalid/invalid-digest.json",
      "expected_valid": false,
      "observed_valid": false,
      "passed": true,
      "validation_errors": [
        "'looks-valid' does not match '^sha256:[a-f0-9]{64}$'"
      ]
    },
    {
      "path": "contracts/examples/invalid/deleted-message-retains-body.json",
      "expected_valid": false,
      "observed_valid": false,
      "passed": true,
      "validation_errors": [
        "{'format': 'workspace_richtext_v1', 'blocks': [{'type': 'paragraph', 'content': [{'type': 'text', 'text': 'Please clarify the checkout error.'}]}]} is not of type 'null'"
      ]
    },
    {
      "path": "contracts/examples/invalid/live-message-null-body.json",
      "expected_valid": false,
      "observed_valid": false,
      "passed": true,
      "validation_errors": [
        "None is not of type 'object'"
      ]
    }
  ],
  "limit": "Structural fixtures only; not runtime authorization or API implementation."
}

RUN: /opt/pyvenv/bin/python scripts/test_sqlite.py IN /mnt/data/handoff_work/native-agent-workspace-handoff
test_account_isolation (__main__.CacheTests.test_account_isolation) ... ok
test_decimal_sequence_sort_without_float (__main__.CacheTests.test_decimal_sequence_sort_without_float) ... ok
test_deleted_row_cannot_keep_source_text (__main__.CacheTests.test_deleted_row_cannot_keep_source_text) ... ok
test_draft_survives_ordinary_query (__main__.CacheTests.test_draft_survives_ordinary_query) ... ok
test_duplicate_message_rejected (__main__.CacheTests.test_duplicate_message_rejected) ... ok
test_index_and_row_rollback_together (__main__.CacheTests.test_index_and_row_rollback_together) ... ok
test_initial_index (__main__.CacheTests.test_initial_index) ... ok
test_invalid_json_rejected (__main__.CacheTests.test_invalid_json_rejected) ... ok
test_pending_operation_id_is_unique (__main__.CacheTests.test_pending_operation_id_is_unique) ... ok
test_physical_delete_removes_fts (__main__.CacheTests.test_physical_delete_removes_fts) ... ok
test_purge_cascades_into_index (__main__.CacheTests.test_purge_cascades_into_index) ... ok
test_revoked_channel_hidden_before_purge (__main__.CacheTests.test_revoked_channel_hidden_before_purge) ... ok
test_tombstone_removes_fts (__main__.CacheTests.test_tombstone_removes_fts) ... ok
test_unknown_channel_rejected (__main__.CacheTests.test_unknown_channel_rejected) ... ok
test_update_removes_old_terms (__main__.CacheTests.test_update_removes_old_terms) ... ok
test_workspace_isolation (__main__.CacheTests.test_workspace_isolation) ... ok

----------------------------------------------------------------------
Ran 16 tests in 0.016s

OK

RUN: /opt/nvm/versions/node/v22.16.0/bin/npm run build IN /mnt/data/handoff_work/native-agent-workspace-handoff/reference/core

> workspace-domain-reference@0.1.0 build
> tsc -p tsconfig.json


RUN: /opt/nvm/versions/node/v22.16.0/bin/npm test IN /mnt/data/handoff_work/native-agent-workspace-handoff/reference/core

> workspace-domain-reference@0.1.0 test
> node --test test/*.test.mjs

TAP version 13
# Subtest: reserve exactly remaining allowance
ok 1 - reserve exactly remaining allowance
  ---
  duration_ms: 1.275581
  type: 'test'
  ...
# Subtest: reject over reservation
ok 2 - reject over reservation
  ---
  duration_ms: 0.126537
  type: 'test'
  ...
# Subtest: reject invalid amount "-1"
ok 3 - reject invalid amount "-1"
  ---
  duration_ms: 0.168419
  type: 'test'
  ...
# Subtest: reject invalid amount "1.1"
ok 4 - reject invalid amount "1.1"
  ---
  duration_ms: 0.081881
  type: 'test'
  ...
# Subtest: reject invalid amount "01"
ok 5 - reject invalid amount "01"
  ---
  duration_ms: 0.069863
  type: 'test'
  ...
# Subtest: reject invalid amount "1e2"
ok 6 - reject invalid amount "1e2"
  ---
  duration_ms: 0.063483
  type: 'test'
  ...
# Subtest: reject invalid amount ""
ok 7 - reject invalid amount ""
  ---
  duration_ms: 0.053439
  type: 'test'
  ...
# Subtest: reject invalid amount "NaN"
ok 8 - reject invalid amount "NaN"
  ---
  duration_ms: 0.050034
  type: 'test'
  ...
# Subtest: reject invalid amount "100000000000000000000"
ok 9 - reject invalid amount "100000000000000000000"
  ---
  duration_ms: 0.223209
  type: 'test'
  ...
# Subtest: exact integers beyond JS safe integer
ok 10 - exact integers beyond JS safe integer
  ---
  duration_ms: 0.442953
  type: 'test'
  ...
# Subtest: settlement releases reservation and records actual usage
ok 11 - settlement releases reservation and records actual usage
  ---
  duration_ms: 0.693633
  type: 'test'
  ...
# Subtest: overage is recorded rather than hidden
ok 12 - overage is recorded rather than hidden
  ---
  duration_ms: 0.107479
  type: 'test'
  ...
# Subtest: cannot settle more than reserved aggregate
ok 13 - cannot settle more than reserved aggregate
  ---
  duration_ms: 0.067179
  type: 'test'
  ...
# Subtest: no new work after actual overage
ok 14 - no new work after actual overage
  ---
  duration_ms: 0.065556
  type: 'test'
  ...
# Subtest: transfer increments generation
ok 15 - transfer increments generation
  ---
  duration_ms: 2.930421
  type: 'test'
  ...
# Subtest: stale ownership
ok 16 - stale ownership
  ---
  duration_ms: 0.268846
  type: 'test'
  ...
# Subtest: unverified checkpoint
ok 17 - unverified checkpoint
  ---
  duration_ms: 0.12265
  type: 'test'
  ...
# Subtest: unknown action
ok 18 - unknown action
  ---
  duration_ms: 0.119757
  type: 'test'
  ...
# Subtest: cancelled run
ok 19 - cancelled run
  ---
  duration_ms: 0.12887
  type: 'test'
  ...
# Subtest: unbounded lease
ok 20 - unbounded lease
  ---
  duration_ms: 0.126826
  type: 'test'
  ...
# Subtest: same owner
ok 21 - same owner
  ---
  duration_ms: 0.117323
  type: 'test'
  ...
# Subtest: claim then replay persisted result
ok 22 - claim then replay persisted result
  ---
  duration_ms: 1.204696
  type: 'test'
  ...
# Subtest: concurrent duplicate remains pending
ok 23 - concurrent duplicate remains pending
  ---
  duration_ms: 0.970911
  type: 'test'
  ...
# Subtest: different payload under same key conflicts
ok 24 - different payload under same key conflicts
  ---
  duration_ms: 0.151503
  type: 'test'
  ...
# Subtest: unknown outcome cannot reacquire and blindly retry
ok 25 - unknown outcome cannot reacquire and blindly retry
  ---
  duration_ms: 0.123442
  type: 'test'
  ...
# Subtest: unrelated owner cannot complete claim
ok 26 - unrelated owner cannot complete claim
  ---
  duration_ms: 0.143501
  type: 'test'
  ...
# Subtest: scope separates tenants and actors
ok 27 - scope separates tenants and actors
  ---
  duration_ms: 0.109832
  type: 'test'
  ...
# Subtest: completion is not overwriteable
ok 28 - completion is not overwriteable
  ---
  duration_ms: 0.131354
  type: 'test'
  ...
# Subtest: all valid authoritative preflight facts permit dispatch proposal
ok 29 - all valid authoritative preflight facts permit dispatch proposal
  ---
  duration_ms: 1.636262
  type: 'test'
  ...
# Subtest: tenant mismatch
ok 30 - tenant mismatch
  ---
  duration_ms: 0.211402
  type: 'test'
  ...
# Subtest: inactive agent
ok 31 - inactive agent
  ---
  duration_ms: 0.140677
  type: 'test'
  ...
# Subtest: inactive owner
ok 32 - inactive owner
  ---
  duration_ms: 0.100569
  type: 'test'
  ...
# Subtest: wrong principal
ok 33 - wrong principal
  ---
  duration_ms: 0.096011
  type: 'test'
  ...
# Subtest: wrong run
ok 34 - wrong run
  ---
  duration_ms: 0.31187
  type: 'test'
  ...
# Subtest: wrong task
ok 35 - wrong task
  ---
  duration_ms: 0.167737
  type: 'test'
  ...
# Subtest: stale runner generation
ok 36 - stale runner generation
  ---
  duration_ms: 0.101119
  type: 'test'
  ...
# Subtest: stale action generation
ok 37 - stale action generation
  ---
  duration_ms: 0.260985
  type: 'test'
  ...
# Subtest: lease expired at exact boundary
ok 38 - lease expired at exact boundary
  ---
  duration_ms: 1.46141
  type: 'test'
  ...
# Subtest: cancel requested
ok 39 - cancel requested
  ---
  duration_ms: 0.163381
  type: 'test'
  ...
# Subtest: already terminal
ok 40 - already terminal
  ---
  duration_ms: 0.079547
  type: 'test'
  ...
# Subtest: task revision changed
ok 41 - task revision changed
  ---
  duration_ms: 0.061581
  type: 'test'
  ...
# Subtest: policy changed
ok 42 - policy changed
  ---
  duration_ms: 0.05392
  type: 'test'
  ...
# Subtest: already dispatching
ok 43 - already dispatching
  ---
  duration_ms: 0.051326
  type: 'test'
  ...
# Subtest: action expired
ok 44 - action expired
  ---
  duration_ms: 0.146847
  type: 'test'
  ...
# Subtest: unsupported capability
ok 45 - unsupported capability
  ---
  duration_ms: 0.737427
  type: 'test'
  ...
# Subtest: unapproved resource
ok 46 - unapproved resource
  ---
  duration_ms: 0.130072
  type: 'test'
  ...
# Subtest: empty resource set
ok 47 - empty resource set
  ---
  duration_ms: 0.084755
  type: 'test'
  ...
# Subtest: private to public destination
ok 48 - private to public destination
  ---
  duration_ms: 0.109331
  type: 'test'
  ...
# Subtest: unapproved model destination
ok 49 - unapproved model destination
  ---
  duration_ms: 0.236629
  type: 'test'
  ...
# Subtest: no budget reservation
ok 50 - no budget reservation
  ---
  duration_ms: 0.070584
  type: 'test'
  ...
# Subtest: missing approval
ok 51 - missing approval
  ---
  duration_ms: 0.056984
  type: 'test'
  ...
# Subtest: agent tries to approve
ok 52 - agent tries to approve
  ---
  duration_ms: 0.061091
  type: 'test'
  ...
# Subtest: reviewer access revoked
ok 53 - reviewer access revoked
  ---
  duration_ms: 0.055021
  type: 'test'
  ...
# Subtest: separation of duty not met
ok 54 - separation of duty not met
  ---
  duration_ms: 0.054059
  type: 'test'
  ...
# Subtest: quorum not met
ok 55 - quorum not met
  ---
  duration_ms: 0.14922
  type: 'test'
  ...
# Subtest: approval wrong tenant
ok 56 - approval wrong tenant
  ---
  duration_ms: 0.080789
  type: 'test'
  ...
# Subtest: approval rejected
ok 57 - approval rejected
  ---
  duration_ms: 0.09486
  type: 'test'
  ...
# Subtest: approval wrong action
ok 58 - approval wrong action
  ---
  duration_ms: 0.185483
  type: 'test'
  ...
# Subtest: approval consumed
ok 59 - approval consumed
  ---
  duration_ms: 0.077855
  type: 'test'
  ...
# Subtest: approval expires at boundary
ok 60 - approval expires at boundary
  ---
  duration_ms: 0.056073
  type: 'test'
  ...
# Subtest: changed action digest
ok 61 - changed action digest
  ---
  duration_ms: 0.164583
  type: 'test'
  ...
# Subtest: changed artifact version
ok 62 - changed artifact version
  ---
  duration_ms: 0.073288
  type: 'test'
  ...
# Subtest: changed approval contract
ok 63 - changed approval contract
  ---
  duration_ms: 0.053158
  type: 'test'
  ...
# Subtest: invalid clock
ok 64 - invalid clock
  ---
  duration_ms: 0.072587
  type: 'test'
  ...
# Subtest: invalid digest
ok 65 - invalid digest
  ---
  duration_ms: 0.06078
  type: 'test'
  ...
# Subtest: invalid approval date
ok 66 - invalid approval date
  ---
  duration_ms: 0.198623
  type: 'test'
  ...
# Subtest: policy-derived approval-free action can proceed without a human decision
ok 67 - policy-derived approval-free action can proceed without a human decision
  ---
  duration_ms: 0.107839
  type: 'test'
  ...
# Subtest: preflight is intentionally pure and does not consume an approval
ok 68 - preflight is intentionally pure and does not consume an approval
  ---
  duration_ms: 0.062282
  type: 'test'
  ...
# Subtest: task: exported transitions match independent contract fixture
ok 69 - task: exported transitions match independent contract fixture
  ---
  duration_ms: 2.733411
  type: 'test'
  ...
# Subtest: task: draft -> draft
ok 70 - task: draft -> draft
  ---
  duration_ms: 0.218813
  type: 'test'
  ...
# Subtest: task: draft -> ready
ok 71 - task: draft -> ready
  ---
  duration_ms: 0.083062
  type: 'test'
  ...
# Subtest: task: draft -> active
ok 72 - task: draft -> active
  ---
  duration_ms: 0.058647
  type: 'test'
  ...
# Subtest: task: draft -> blocked
ok 73 - task: draft -> blocked
  ---
  duration_ms: 0.057454
  type: 'test'
  ...
# Subtest: task: draft -> awaiting_review
ok 74 - task: draft -> awaiting_review
  ---
  duration_ms: 0.061231
  type: 'test'
  ...
# Subtest: task: draft -> accepted
ok 75 - task: draft -> accepted
  ---
  duration_ms: 0.048292
  type: 'test'
  ...
# Subtest: task: draft -> cancelled
ok 76 - task: draft -> cancelled
  ---
  duration_ms: 0.044696
  type: 'test'
  ...
# Subtest: task: ready -> draft
ok 77 - task: ready -> draft
  ---
  duration_ms: 0.219954
  type: 'test'
  ...
# Subtest: task: ready -> ready
ok 78 - task: ready -> ready
  ---
  duration_ms: 0.266793
  type: 'test'
  ...
# Subtest: task: ready -> active
ok 79 - task: ready -> active
  ---
  duration_ms: 0.164653
  type: 'test'
  ...
# Subtest: task: ready -> blocked
ok 80 - task: ready -> blocked
  ---
  duration_ms: 0.055692
  type: 'test'
  ...
# Subtest: task: ready -> awaiting_review
ok 81 - task: ready -> awaiting_review
  ---
  duration_ms: 0.038017
  type: 'test'
  ...
# Subtest: task: ready -> accepted
ok 82 - task: ready -> accepted
  ---
  duration_ms: 0.094309
  type: 'test'
  ...
# Subtest: task: ready -> cancelled
ok 83 - task: ready -> cancelled
  ---
  duration_ms: 0.093978
  type: 'test'
  ...
# Subtest: task: active -> draft
ok 84 - task: active -> draft
  ---
  duration_ms: 0.066298
  type: 'test'
  ...
# Subtest: task: active -> ready
ok 85 - task: active -> ready
  ---
  duration_ms: 0.052908
  type: 'test'
  ...
# Subtest: task: active -> active
ok 86 - task: active -> active
  ---
  duration_ms: 0.050154
  type: 'test'
  ...
# Subtest: task: active -> blocked
ok 87 - task: active -> blocked
  ---
  duration_ms: 0.050795
  type: 'test'
  ...
# Subtest: task: active -> awaiting_review
ok 88 - task: active -> awaiting_review
  ---
  duration_ms: 0.052287
  type: 'test'
  ...
# Subtest: task: active -> accepted
ok 89 - task: active -> accepted
  ---
  duration_ms: 0.069042
  type: 'test'
  ...
# Subtest: task: active -> cancelled
ok 90 - task: active -> cancelled
  ---
  duration_ms: 0.0611
  type: 'test'
  ...
# Subtest: task: blocked -> draft
ok 91 - task: blocked -> draft
  ---
  duration_ms: 0.055913
  type: 'test'
  ...
# Subtest: task: blocked -> ready
ok 92 - task: blocked -> ready
  ---
  duration_ms: 0.077945
  type: 'test'
  ...
# Subtest: task: blocked -> active
ok 93 - task: blocked -> active
  ---
  duration_ms: 0.04043
  type: 'test'
  ...
# Subtest: task: blocked -> blocked
ok 94 - task: blocked -> blocked
  ---
  duration_ms: 0.031777
  type: 'test'
  ...
# Subtest: task: blocked -> awaiting_review
ok 95 - task: blocked -> awaiting_review
  ---
  duration_ms: 0.030525
  type: 'test'
  ...
# Subtest: task: blocked -> accepted
ok 96 - task: blocked -> accepted
  ---
  duration_ms: 0.031196
  type: 'test'
  ...
# Subtest: task: blocked -> cancelled
ok 97 - task: blocked -> cancelled
  ---
  duration_ms: 0.034491
  type: 'test'
  ...
# Subtest: task: awaiting_review -> draft
ok 98 - task: awaiting_review -> draft
  ---
  duration_ms: 0.04764
  type: 'test'
  ...
# Subtest: task: awaiting_review -> ready
ok 99 - task: awaiting_review -> ready
  ---
  duration_ms: 0.038497
  type: 'test'
  ...
# Subtest: task: awaiting_review -> active
ok 100 - task: awaiting_review -> active
  ---
  duration_ms: 0.033479
  type: 'test'
  ...
# Subtest: task: awaiting_review -> blocked
ok 101 - task: awaiting_review -> blocked
  ---
  duration_ms: 0.029924
  type: 'test'
  ...
# Subtest: task: awaiting_review -> awaiting_review
ok 102 - task: awaiting_review -> awaiting_review
  ---
  duration_ms: 0.032467
  type: 'test'
  ...
# Subtest: task: awaiting_review -> accepted
ok 103 - task: awaiting_review -> accepted
  ---
  duration_ms: 0.033469
  type: 'test'
  ...
# Subtest: task: awaiting_review -> cancelled
ok 104 - task: awaiting_review -> cancelled
  ---
  duration_ms: 0.030856
  type: 'test'
  ...
# Subtest: task: accepted -> draft
ok 105 - task: accepted -> draft
  ---
  duration_ms: 0.032218
  type: 'test'
  ...
# Subtest: task: accepted -> ready
ok 106 - task: accepted -> ready
  ---
  duration_ms: 0.031075
  type: 'test'
  ...
# Subtest: task: accepted -> active
ok 107 - task: accepted -> active
  ---
  duration_ms: 0.030895
  type: 'test'
  ...
# Subtest: task: accepted -> blocked
ok 108 - task: accepted -> blocked
  ---
  duration_ms: 0.029494
  type: 'test'
  ...
# Subtest: task: accepted -> awaiting_review
ok 109 - task: accepted -> awaiting_review
  ---
  duration_ms: 0.029513
  type: 'test'
  ...
# Subtest: task: accepted -> accepted
ok 110 - task: accepted -> accepted
  ---
  duration_ms: 0.030645
  type: 'test'
  ...
# Subtest: task: accepted -> cancelled
ok 111 - task: accepted -> cancelled
  ---
  duration_ms: 0.031406
  type: 'test'
  ...
# Subtest: task: cancelled -> draft
ok 112 - task: cancelled -> draft
  ---
  duration_ms: 0.040961
  type: 'test'
  ...
# Subtest: task: cancelled -> ready
ok 113 - task: cancelled -> ready
  ---
  duration_ms: 0.031406
  type: 'test'
  ...
# Subtest: task: cancelled -> active
ok 114 - task: cancelled -> active
  ---
  duration_ms: 0.028812
  type: 'test'
  ...
# Subtest: task: cancelled -> blocked
ok 115 - task: cancelled -> blocked
  ---
  duration_ms: 0.028432
  type: 'test'
  ...
# Subtest: task: cancelled -> awaiting_review
ok 116 - task: cancelled -> awaiting_review
  ---
  duration_ms: 0.030325
  type: 'test'
  ...
# Subtest: task: cancelled -> accepted
ok 117 - task: cancelled -> accepted
  ---
  duration_ms: 0.031246
  type: 'test'
  ...
# Subtest: task: cancelled -> cancelled
ok 118 - task: cancelled -> cancelled
  ---
  duration_ms: 0.030034
  type: 'test'
  ...
# Subtest: task: unknown state is rejected
ok 119 - task: unknown state is rejected
  ---
  duration_ms: 0.091244
  type: 'test'
  ...
# Subtest: run: exported transitions match independent contract fixture
ok 120 - run: exported transitions match independent contract fixture
  ---
  duration_ms: 0.129591
  type: 'test'
  ...
# Subtest: run: queued -> queued
ok 121 - run: queued -> queued
  ---
  duration_ms: 0.061261
  type: 'test'
  ...
# Subtest: run: queued -> preparing
ok 122 - run: queued -> preparing
  ---
  duration_ms: 0.03421
  type: 'test'
  ...
# Subtest: run: queued -> running
ok 123 - run: queued -> running
  ---
  duration_ms: 0.031367
  type: 'test'
  ...
# Subtest: run: queued -> awaiting_approval
ok 124 - run: queued -> awaiting_approval
  ---
  duration_ms: 0.031096
  type: 'test'
  ...
# Subtest: run: queued -> paused
ok 125 - run: queued -> paused
  ---
  duration_ms: 0.032909
  type: 'test'
  ...
# Subtest: run: queued -> reconciling
ok 126 - run: queued -> reconciling
  ---
  duration_ms: 0.029534
  type: 'test'
  ...
# Subtest: run: queued -> cancelling
ok 127 - run: queued -> cancelling
  ---
  duration_ms: 0.030505
  type: 'test'
  ...
# Subtest: run: queued -> succeeded
ok 128 - run: queued -> succeeded
  ---
  duration_ms: 0.030655
  type: 'test'
  ...
# Subtest: run: queued -> failed
ok 129 - run: queued -> failed
  ---
  duration_ms: 0.031987
  type: 'test'
  ...
# Subtest: run: queued -> cancelled
ok 130 - run: queued -> cancelled
  ---
  duration_ms: 0.035162
  type: 'test'
  ...
# Subtest: run: preparing -> queued
ok 131 - run: preparing -> queued
  ---
  duration_ms: 0.030565
  type: 'test'
  ...
# Subtest: run: preparing -> preparing
ok 132 - run: preparing -> preparing
  ---
  duration_ms: 0.042663
  type: 'test'
  ...
# Subtest: run: preparing -> running
ok 133 - run: preparing -> running
  ---
  duration_ms: 0.030174
  type: 'test'
  ...
# Subtest: run: preparing -> awaiting_approval
ok 134 - run: preparing -> awaiting_approval
  ---
  duration_ms: 0.030926
  type: 'test'
  ...
# Subtest: run: preparing -> paused
ok 135 - run: preparing -> paused
  ---
  duration_ms: 0.030254
  type: 'test'
  ...
# Subtest: run: preparing -> reconciling
ok 136 - run: preparing -> reconciling
  ---
  duration_ms: 0.031426
  type: 'test'
  ...
# Subtest: run: preparing -> cancelling
ok 137 - run: preparing -> cancelling
  ---
  duration_ms: 0.059568
  type: 'test'
  ...
# Subtest: run: preparing -> succeeded
ok 138 - run: preparing -> succeeded
  ---
  duration_ms: 0.787992
  type: 'test'
  ...
# Subtest: run: preparing -> failed
ok 139 - run: preparing -> failed
  ---
  duration_ms: 0.046369
  type: 'test'
  ...
# Subtest: run: preparing -> cancelled
ok 140 - run: preparing -> cancelled
  ---
  duration_ms: 0.033991
  type: 'test'
  ...
# Subtest: run: running -> queued
ok 141 - run: running -> queued
  ---
  duration_ms: 0.029333
  type: 'test'
  ...
# Subtest: run: running -> preparing
ok 142 - run: running -> preparing
  ---
  duration_ms: 0.04041
  type: 'test'
  ...
# Subtest: run: running -> running
ok 143 - run: running -> running
  ---
  duration_ms: 0.028342
  type: 'test'
  ...
# Subtest: run: running -> awaiting_approval
ok 144 - run: running -> awaiting_approval
  ---
  duration_ms: 0.026078
  type: 'test'
  ...
# Subtest: run: running -> paused
ok 145 - run: running -> paused
  ---
  duration_ms: 0.092126
  type: 'test'
  ...
# Subtest: run: running -> reconciling
ok 146 - run: running -> reconciling
  ---
  duration_ms: 0.058807
  type: 'test'
  ...
# Subtest: run: running -> cancelling
ok 147 - run: running -> cancelling
  ---
  duration_ms: 0.058567
  type: 'test'
  ...
# Subtest: run: running -> succeeded
ok 148 - run: running -> succeeded
  ---
  duration_ms: 0.055201
  type: 'test'
  ...
# Subtest: run: running -> failed
ok 149 - run: running -> failed
  ---
  duration_ms: 0.050394
  type: 'test'
  ...
# Subtest: run: running -> cancelled
ok 150 - run: running -> cancelled
  ---
  duration_ms: 0.046438
  type: 'test'
  ...
# Subtest: run: awaiting_approval -> queued
ok 151 - run: awaiting_approval -> queued
  ---
  duration_ms: 0.050585
  type: 'test'
  ...
# Subtest: run: awaiting_approval -> preparing
ok 152 - run: awaiting_approval -> preparing
  ---
  duration_ms: 0.04799
  type: 'test'
  ...
# Subtest: run: awaiting_approval -> running
ok 153 - run: awaiting_approval -> running
  ---
  duration_ms: 0.043875
  type: 'test'
  ...
# Subtest: run: awaiting_approval -> awaiting_approval
ok 154 - run: awaiting_approval -> awaiting_approval
  ---
  duration_ms: 0.04757
  type: 'test'
  ...
# Subtest: run: awaiting_approval -> paused
ok 155 - run: awaiting_approval -> paused
  ---
  duration_ms: 0.049924
  type: 'test'
  ...
# Subtest: run: awaiting_approval -> reconciling
ok 156 - run: awaiting_approval -> reconciling
  ---
  duration_ms: 0.080489
  type: 'test'
  ...
# Subtest: run: awaiting_approval -> cancelling
ok 157 - run: awaiting_approval -> cancelling
  ---
  duration_ms: 0.057825
  type: 'test'
  ...
# Subtest: run: awaiting_approval -> succeeded
ok 158 - run: awaiting_approval -> succeeded
  ---
  duration_ms: 0.054831
  type: 'test'
  ...
# Subtest: run: awaiting_approval -> failed
ok 159 - run: awaiting_approval -> failed
  ---
  duration_ms: 0.052958
  type: 'test'
  ...
# Subtest: run: awaiting_approval -> cancelled
ok 160 - run: awaiting_approval -> cancelled
  ---
  duration_ms: 0.04795
  type: 'test'
  ...
# Subtest: run: paused -> queued
ok 161 - run: paused -> queued
  ---
  duration_ms: 0.052878
  type: 'test'
  ...
# Subtest: run: paused -> preparing
ok 162 - run: paused -> preparing
  ---
  duration_ms: 0.051356
  type: 'test'
  ...
# Subtest: run: paused -> running
ok 163 - run: paused -> running
  ---
  duration_ms: 0.053979
  type: 'test'
  ...
# Subtest: run: paused -> awaiting_approval
ok 164 - run: paused -> awaiting_approval
  ---
  duration_ms: 0.048682
  type: 'test'
  ...
# Subtest: run: paused -> paused
ok 165 - run: paused -> paused
  ---
  duration_ms: 0.082571
  type: 'test'
  ...
# Subtest: run: paused -> reconciling
ok 166 - run: paused -> reconciling
  ---
  duration_ms: 0.04767
  type: 'test'
  ...
# Subtest: run: paused -> cancelling
ok 167 - run: paused -> cancelling
  ---
  duration_ms: 0.04111
  type: 'test'
  ...
# Subtest: run: paused -> succeeded
ok 168 - run: paused -> succeeded
  ---
  duration_ms: 0.039348
  type: 'test'
  ...
# Subtest: run: paused -> failed
ok 169 - run: paused -> failed
  ---
  duration_ms: 0.039338
  type: 'test'
  ...
# Subtest: run: paused -> cancelled
ok 170 - run: paused -> cancelled
  ---
  duration_ms: 0.038597
  type: 'test'
  ...
# Subtest: run: reconciling -> queued
ok 171 - run: reconciling -> queued
  ---
  duration_ms: 0.084916
  type: 'test'
  ...
# Subtest: run: reconciling -> preparing
ok 172 - run: reconciling -> preparing
  ---
  duration_ms: 0.038767
  type: 'test'
  ...
# Subtest: run: reconciling -> running
ok 173 - run: reconciling -> running
  ---
  duration_ms: 0.028012
  type: 'test'
  ...
# Subtest: run: reconciling -> awaiting_approval
ok 174 - run: reconciling -> awaiting_approval
  ---
  duration_ms: 0.025057
  type: 'test'
  ...
# Subtest: run: reconciling -> paused
ok 175 - run: reconciling -> paused
  ---
  duration_ms: 0.024345
  type: 'test'
  ...
# Subtest: run: reconciling -> reconciling
ok 176 - run: reconciling -> reconciling
  ---
  duration_ms: 0.024777
  type: 'test'
  ...
# Subtest: run: reconciling -> cancelling
ok 177 - run: reconciling -> cancelling
  ---
  duration_ms: 0.063243
  type: 'test'
  ...
# Subtest: run: reconciling -> succeeded
ok 178 - run: reconciling -> succeeded
  ---
  duration_ms: 0.053498
  type: 'test'
  ...
# Subtest: run: reconciling -> failed
ok 179 - run: reconciling -> failed
  ---
  duration_ms: 0.043003
  type: 'test'
  ...
# Subtest: run: reconciling -> cancelled
ok 180 - run: reconciling -> cancelled
  ---
  duration_ms: 0.04044
  type: 'test'
  ...
# Subtest: run: cancelling -> queued
ok 181 - run: cancelling -> queued
  ---
  duration_ms: 0.041751
  type: 'test'
  ...
# Subtest: run: cancelling -> preparing
ok 182 - run: cancelling -> preparing
  ---
  duration_ms: 0.039158
  type: 'test'
  ...
# Subtest: run: cancelling -> running
ok 183 - run: cancelling -> running
  ---
  duration_ms: 0.041481
  type: 'test'
  ...
# Subtest: run: cancelling -> awaiting_approval
ok 184 - run: cancelling -> awaiting_approval
  ---
  duration_ms: 0.039157
  type: 'test'
  ...
# Subtest: run: cancelling -> paused
ok 185 - run: cancelling -> paused
  ---
  duration_ms: 0.036694
  type: 'test'
  ...
# Subtest: run: cancelling -> reconciling
ok 186 - run: cancelling -> reconciling
  ---
  duration_ms: 0.139456
  type: 'test'
  ...
# Subtest: run: cancelling -> cancelling
ok 187 - run: cancelling -> cancelling
  ---
  duration_ms: 0.065086
  type: 'test'
  ...
# Subtest: run: cancelling -> succeeded
ok 188 - run: cancelling -> succeeded
  ---
  duration_ms: 0.052718
  type: 'test'
  ...
# Subtest: run: cancelling -> failed
ok 189 - run: cancelling -> failed
  ---
  duration_ms: 0.053419
  type: 'test'
  ...
# Subtest: run: cancelling -> cancelled
ok 190 - run: cancelling -> cancelled
  ---
  duration_ms: 0.051596
  type: 'test'
  ...
# Subtest: run: succeeded -> queued
ok 191 - run: succeeded -> queued
  ---
  duration_ms: 0.055552
  type: 'test'
  ...
# Subtest: run: succeeded -> preparing
ok 192 - run: succeeded -> preparing
  ---
  duration_ms: 0.052999
  type: 'test'
  ...
# Subtest: run: succeeded -> running
ok 193 - run: succeeded -> running
  ---
  duration_ms: 0.050144
  type: 'test'
  ...
# Subtest: run: succeeded -> awaiting_approval
ok 194 - run: succeeded -> awaiting_approval
  ---
  duration_ms: 0.098255
  type: 'test'
  ...
# Subtest: run: succeeded -> paused
ok 195 - run: succeeded -> paused
  ---
  duration_ms: 0.06085
  type: 'test'
  ...
# Subtest: run: succeeded -> reconciling
ok 196 - run: succeeded -> reconciling
  ---
  duration_ms: 0.049934
  type: 'test'
  ...
# Subtest: run: succeeded -> cancelling
ok 197 - run: succeeded -> cancelling
  ---
  duration_ms: 0.053859
  type: 'test'
  ...
# Subtest: run: succeeded -> succeeded
ok 198 - run: succeeded -> succeeded
  ---
  duration_ms: 0.053799
  type: 'test'
  ...
# Subtest: run: succeeded -> failed
ok 199 - run: succeeded -> failed
  ---
  duration_ms: 0.062102
  type: 'test'
  ...
# Subtest: run: succeeded -> cancelled
ok 200 - run: succeeded -> cancelled
  ---
  duration_ms: 0.045487
  type: 'test'
  ...
# Subtest: run: failed -> queued
ok 201 - run: failed -> queued
  ---
  duration_ms: 0.044115
  type: 'test'
  ...
# Subtest: run: failed -> preparing
ok 202 - run: failed -> preparing
  ---
  duration_ms: 0.042282
  type: 'test'
  ...
# Subtest: run: failed -> running
ok 203 - run: failed -> running
  ---
  duration_ms: 0.043334
  type: 'test'
  ...
# Subtest: run: failed -> awaiting_approval
ok 204 - run: failed -> awaiting_approval
  ---
  duration_ms: 0.044055
  type: 'test'
  ...
# Subtest: run: failed -> paused
ok 205 - run: failed -> paused
  ---
  duration_ms: 0.045237
  type: 'test'
  ...
# Subtest: run: failed -> reconciling
ok 206 - run: failed -> reconciling
  ---
  duration_ms: 0.041962
  type: 'test'
  ...
# Subtest: run: failed -> cancelling
ok 207 - run: failed -> cancelling
  ---
  duration_ms: 0.04064
  type: 'test'
  ...
# Subtest: run: failed -> succeeded
ok 208 - run: failed -> succeeded
  ---
  duration_ms: 0.047821
  type: 'test'
  ...
# Subtest: run: failed -> failed
ok 209 - run: failed -> failed
  ---
  duration_ms: 0.044636
  type: 'test'
  ...
# Subtest: run: failed -> cancelled
ok 210 - run: failed -> cancelled
  ---
  duration_ms: 0.042673
  type: 'test'
  ...
# Subtest: run: cancelled -> queued
ok 211 - run: cancelled -> queued
  ---
  duration_ms: 0.042102
  type: 'test'
  ...
# Subtest: run: cancelled -> preparing
ok 212 - run: cancelled -> preparing
  ---
  duration_ms: 0.042122
  type: 'test'
  ...
# Subtest: run: cancelled -> running
ok 213 - run: cancelled -> running
  ---
  duration_ms: 0.044375
  type: 'test'
  ...
# Subtest: run: cancelled -> awaiting_approval
ok 214 - run: cancelled -> awaiting_approval
  ---
  duration_ms: 0.056704
  type: 'test'
  ...
# Subtest: run: cancelled -> paused
ok 215 - run: cancelled -> paused
  ---
  duration_ms: 0.048311
  type: 'test'
  ...
# Subtest: run: cancelled -> reconciling
ok 216 - run: cancelled -> reconciling
  ---
  duration_ms: 0.043133
  type: 'test'
  ...
# Subtest: run: cancelled -> cancelling
ok 217 - run: cancelled -> cancelling
  ---
  duration_ms: 0.041381
  type: 'test'
  ...
# Subtest: run: cancelled -> succeeded
ok 218 - run: cancelled -> succeeded
  ---
  duration_ms: 0.038857
  type: 'test'
  ...
# Subtest: run: cancelled -> failed
ok 219 - run: cancelled -> failed
  ---
  duration_ms: 0.04086
  type: 'test'
  ...
# Subtest: run: cancelled -> cancelled
ok 220 - run: cancelled -> cancelled
  ---
  duration_ms: 0.036223
  type: 'test'
  ...
# Subtest: run: unknown state is rejected
ok 221 - run: unknown state is rejected
  ---
  duration_ms: 0.042152
  type: 'test'
  ...
# Subtest: agent run success does not directly accept a task
ok 222 - agent run success does not directly accept a task
  ---
  duration_ms: 0.106538
  type: 'test'
  ...
# Subtest: apply ordered batch atomically
ok 223 - apply ordered batch atomically
  ---
  duration_ms: 1.088615
  type: 'test'
  ...
# Subtest: identical event delivery deduplicated
ok 224 - identical event delivery deduplicated
  ---
  duration_ms: 0.12187
  type: 'test'
  ...
# Subtest: duplicate event with changed payload rejected
ok 225 - duplicate event with changed payload rejected
  ---
  duration_ms: 0.186234
  type: 'test'
  ...
# Subtest: gap does not advance source cursor
ok 226 - gap does not advance source cursor
  ---
  duration_ms: 0.550111
  type: 'test'
  ...
# Subtest: cross tenant batch rejected
ok 227 - cross tenant batch rejected
  ---
  duration_ms: 0.127438
  type: 'test'
  ...
# Subtest: new sequence with older revision cannot resurrect a tombstone
ok 228 - new sequence with older revision cannot resurrect a tombstone
  ---
  duration_ms: 0.652592
  type: 'test'
  ...
# Subtest: unknown old event requires reconciliation instead of silent skip
ok 229 - unknown old event requires reconciliation instead of silent skip
  ---
  duration_ms: 0.168288
  type: 'test'
  ...
# Subtest: sequence precision above safe integer
ok 230 - sequence precision above safe integer
  ---
  duration_ms: 0.137172
  type: 'test'
  ...
# Subtest: invalid numeric wire sequence rejected
ok 231 - invalid numeric wire sequence rejected
  ---
  duration_ms: 0.378538
  type: 'test'
  ...
# Subtest: numeric primitive wire sequence rejected
ok 232 - numeric primitive wire sequence rejected
  ---
  duration_ms: 0.423264
  type: 'test'
  ...
1..232
# tests 232
# suites 0
# pass 232
# fail 0
# cancelled 0
# skipped 0
# todo 0
# duration_ms 183.492931

All specified handoff checks passed. GPUI/Effect integration and PostgreSQL are not covered.
